../Core/Src/main_app.c:35:6:printmsg	96	static
../Core/Src/main_app.c:51:5:main	8	static
../Core/Src/main_app.c:71:6:SystemClock_Config_HSE	96	static
../Core/Src/main_app.c:156:6:RTC_Init	8	static
../Core/Src/main_app.c:174:7:RTC_CalendarConfig	32	static
../Core/Src/main_app.c:205:6:GPIO_Init	56	static
../Core/Src/main_app.c:234:6:UART2_Init	8	static
../Core/Src/main_app.c:252:7:getDayofweek	56	static
../Core/Src/main_app.c:264:7:HAL_GPIO_EXTI_Callback	64	static
../Core/Src/main_app.c:286:8:RTC_AlarmConfig	48	static
../Core/Src/main_app.c:314:6:HAL_RTC_AlarmAEventCallback	40	static
../Core/Src/main_app.c:334:6:Error_handler	4	static
