Archive member included to satisfy reference by file (symbol)

C:/ST/STM32CubeIDE_1.14.0/STM32CubeIDE/plugins/com.st.stm32cube.ide.mcu.externaltools.gnu-tools-for-stm32.12.3.rel1.win32_1.0.100.202403111256/tools/bin/../lib/gcc/arm-none-eabi/12.3.1/../../../../arm-none-eabi/lib/thumb/v7e-m+fp/hard\libc_nano.a(libc_a-exit.o)
                              C:/ST/STM32CubeIDE_1.14.0/STM32CubeIDE/plugins/com.st.stm32cube.ide.mcu.externaltools.gnu-tools-for-stm32.12.3.rel1.win32_1.0.100.202403111256/tools/bin/../lib/gcc/arm-none-eabi/12.3.1/../../../../arm-none-eabi/lib/thumb/v7e-m+fp/hard/crt0.o (exit)
C:/ST/STM32CubeIDE_1.14.0/STM32CubeIDE/plugins/com.st.stm32cube.ide.mcu.externaltools.gnu-tools-for-stm32.12.3.rel1.win32_1.0.100.202403111256/tools/bin/../lib/gcc/arm-none-eabi/12.3.1/../../../../arm-none-eabi/lib/thumb/v7e-m+fp/hard\libc_nano.a(libc_a-findfp.o)
                              C:/ST/STM32CubeIDE_1.14.0/STM32CubeIDE/plugins/com.st.stm32cube.ide.mcu.externaltools.gnu-tools-for-stm32.12.3.rel1.win32_1.0.100.202403111256/tools/bin/../lib/gcc/arm-none-eabi/12.3.1/../../../../arm-none-eabi/lib/thumb/v7e-m+fp/hard\libc_nano.a(libc_a-exit.o) (__stdio_exit_handler)
C:/ST/STM32CubeIDE_1.14.0/STM32CubeIDE/plugins/com.st.stm32cube.ide.mcu.externaltools.gnu-tools-for-stm32.12.3.rel1.win32_1.0.100.202403111256/tools/bin/../lib/gcc/arm-none-eabi/12.3.1/../../../../arm-none-eabi/lib/thumb/v7e-m+fp/hard\libc_nano.a(libc_a-fwalk.o)
                              C:/ST/STM32CubeIDE_1.14.0/STM32CubeIDE/plugins/com.st.stm32cube.ide.mcu.externaltools.gnu-tools-for-stm32.12.3.rel1.win32_1.0.100.202403111256/tools/bin/../lib/gcc/arm-none-eabi/12.3.1/../../../../arm-none-eabi/lib/thumb/v7e-m+fp/hard\libc_nano.a(libc_a-findfp.o) (_fwalk_sglue)
C:/ST/STM32CubeIDE_1.14.0/STM32CubeIDE/plugins/com.st.stm32cube.ide.mcu.externaltools.gnu-tools-for-stm32.12.3.rel1.win32_1.0.100.202403111256/tools/bin/../lib/gcc/arm-none-eabi/12.3.1/../../../../arm-none-eabi/lib/thumb/v7e-m+fp/hard\libc_nano.a(libc_a-stdio.o)
                              C:/ST/STM32CubeIDE_1.14.0/STM32CubeIDE/plugins/com.st.stm32cube.ide.mcu.externaltools.gnu-tools-for-stm32.12.3.rel1.win32_1.0.100.202403111256/tools/bin/../lib/gcc/arm-none-eabi/12.3.1/../../../../arm-none-eabi/lib/thumb/v7e-m+fp/hard\libc_nano.a(libc_a-findfp.o) (__sread)
C:/ST/STM32CubeIDE_1.14.0/STM32CubeIDE/plugins/com.st.stm32cube.ide.mcu.externaltools.gnu-tools-for-stm32.12.3.rel1.win32_1.0.100.202403111256/tools/bin/../lib/gcc/arm-none-eabi/12.3.1/../../../../arm-none-eabi/lib/thumb/v7e-m+fp/hard\libc_nano.a(libc_a-memset.o)
                              C:/ST/STM32CubeIDE_1.14.0/STM32CubeIDE/plugins/com.st.stm32cube.ide.mcu.externaltools.gnu-tools-for-stm32.12.3.rel1.win32_1.0.100.202403111256/tools/bin/../lib/gcc/arm-none-eabi/12.3.1/../../../../arm-none-eabi/lib/thumb/v7e-m+fp/hard/crt0.o (memset)
C:/ST/STM32CubeIDE_1.14.0/STM32CubeIDE/plugins/com.st.stm32cube.ide.mcu.externaltools.gnu-tools-for-stm32.12.3.rel1.win32_1.0.100.202403111256/tools/bin/../lib/gcc/arm-none-eabi/12.3.1/../../../../arm-none-eabi/lib/thumb/v7e-m+fp/hard\libc_nano.a(libc_a-closer.o)
                              C:/ST/STM32CubeIDE_1.14.0/STM32CubeIDE/plugins/com.st.stm32cube.ide.mcu.externaltools.gnu-tools-for-stm32.12.3.rel1.win32_1.0.100.202403111256/tools/bin/../lib/gcc/arm-none-eabi/12.3.1/../../../../arm-none-eabi/lib/thumb/v7e-m+fp/hard\libc_nano.a(libc_a-stdio.o) (_close_r)
C:/ST/STM32CubeIDE_1.14.0/STM32CubeIDE/plugins/com.st.stm32cube.ide.mcu.externaltools.gnu-tools-for-stm32.12.3.rel1.win32_1.0.100.202403111256/tools/bin/../lib/gcc/arm-none-eabi/12.3.1/../../../../arm-none-eabi/lib/thumb/v7e-m+fp/hard\libc_nano.a(libc_a-reent.o)
                              C:/ST/STM32CubeIDE_1.14.0/STM32CubeIDE/plugins/com.st.stm32cube.ide.mcu.externaltools.gnu-tools-for-stm32.12.3.rel1.win32_1.0.100.202403111256/tools/bin/../lib/gcc/arm-none-eabi/12.3.1/../../../../arm-none-eabi/lib/thumb/v7e-m+fp/hard\libc_nano.a(libc_a-closer.o) (errno)
C:/ST/STM32CubeIDE_1.14.0/STM32CubeIDE/plugins/com.st.stm32cube.ide.mcu.externaltools.gnu-tools-for-stm32.12.3.rel1.win32_1.0.100.202403111256/tools/bin/../lib/gcc/arm-none-eabi/12.3.1/../../../../arm-none-eabi/lib/thumb/v7e-m+fp/hard\libc_nano.a(libc_a-impure.o)
                              C:/ST/STM32CubeIDE_1.14.0/STM32CubeIDE/plugins/com.st.stm32cube.ide.mcu.externaltools.gnu-tools-for-stm32.12.3.rel1.win32_1.0.100.202403111256/tools/bin/../lib/gcc/arm-none-eabi/12.3.1/../../../../arm-none-eabi/lib/thumb/v7e-m+fp/hard\libc_nano.a(libc_a-reent.o) (_impure_ptr)
C:/ST/STM32CubeIDE_1.14.0/STM32CubeIDE/plugins/com.st.stm32cube.ide.mcu.externaltools.gnu-tools-for-stm32.12.3.rel1.win32_1.0.100.202403111256/tools/bin/../lib/gcc/arm-none-eabi/12.3.1/../../../../arm-none-eabi/lib/thumb/v7e-m+fp/hard\libc_nano.a(libc_a-lseekr.o)
[...]
Memory Configuration

Name             Origin             Length             Attributes
RAM              0x20000000         0x00018000         xrw
FLASH            0x08000000         0x00080000         xr
*default*        0x00000000         0xffffffff

Linker script and memory map

LOAD C:/ST/STM32CubeIDE_1.14.0/STM32CubeIDE/plugins/com.st.stm32cube.ide.mcu.externaltools.gnu-tools-for-stm32.12.3.rel1.win32_1.0.100.202403111256/tools/bin/../lib/gcc/arm-none-eabi/12.3.1/thumb/v7e-m+fp/hard/crti.o
LOAD C:/ST/STM32CubeIDE_1.14.0/STM32CubeIDE/plugins/com.st.stm32cube.ide.mcu.externaltools.gnu-tools-for-stm32.12.3.rel1.win32_1.0.100.202403111256/tools/bin/../lib/gcc/arm-none-eabi/12.3.1/thumb/v7e-m+fp/hard/crtbegin.o
LOAD C:/ST/STM32CubeIDE_1.14.0/STM32CubeIDE/plugins/com.st.stm32cube.ide.mcu.externaltools.gnu-tools-for-stm32.12.3.rel1.win32_1.0.100.202403111256/tools/bin/../lib/gcc/arm-none-eabi/12.3.1/../../../../arm-none-eabi/lib/thumb/v7e-m+fp/hard/crt0.o
LOAD ./Core/Src/it.o
LOAD ./Core/Src/main_app.o
LOAD ./Core/Src/msp.o
LOAD ./Core/Src/syscalls.o
LOAD ./Core/Src/sysmem.o
LOAD ./Core/Src/system_stm32f4xx.o
LOAD ./Core/Startup/startup_stm32f401retx.o
LOAD ./Drivers/STM32F4xx_HAL_Driver/Src/stm32f4xx_hal.o
LOAD ./Drivers/STM32F4xx_HAL_Driver/Src/stm32f4xx_hal_cortex.o
LOAD ./Drivers/STM32F4xx_HAL_Driver/Src/stm32f4xx_hal_dma.o
LOAD ./Drivers/STM32F4xx_HAL_Driver/Src/stm32f4xx_hal_dma_ex.o
LOAD ./Drivers/STM32F4xx_HAL_Driver/Src/stm32f4xx_hal_exti.o
LOAD ./Drivers/STM32F4xx_HAL_Driver/Src/stm32f4xx_hal_flash.o
LOAD ./Drivers/STM32F4xx_HAL_Driver/Src/stm32f4xx_hal_flash_ex.o
LOAD ./Drivers/STM32F4xx_HAL_Driver/Src/stm32f4xx_hal_flash_ramfunc.o
LOAD ./Drivers/STM32F4xx_HAL_Driver/Src/stm32f4xx_hal_gpio.o
LOAD ./Drivers/STM32F4xx_HAL_Driver/Src/stm32f4xx_hal_pwr.o
LOAD ./Drivers/STM32F4xx_HAL_Driver/Src/stm32f4xx_hal_pwr_ex.o
LOAD ./Drivers/STM32F4xx_HAL_Driver/Src/stm32f4xx_hal_rcc.o
LOAD ./Drivers/STM32F4xx_HAL_Driver/Src/stm32f4xx_hal_rcc_ex.o
LOAD ./Drivers/STM32F4xx_HAL_Driver/Src/stm32f4xx_hal_tim.o
LOAD ./Drivers/STM32F4xx_HAL_Driver/Src/stm32f4xx_hal_tim_ex.o
LOAD ./Drivers/STM32F4xx_HAL_Driver/Src/stm32f4xx_hal_uart.o
START GROUP
LOAD C:/ST/STM32CubeIDE_1.14.0/STM32CubeIDE/plugins/com.st.stm32cube.ide.mcu.externaltools.gnu-tools-for-stm32.12.3.rel1.win32_1.0.100.202403111256/tools/bin/../lib/gcc/arm-none-eabi/12.3.1/../../../../arm-none-eabi/lib/thumb/v7e-m+fp/hard\libc_nano.a
LOAD C:/ST/STM32CubeIDE_1.14.0/STM32CubeIDE/plugins/com.st.stm32cube.ide.mcu.externaltools.gnu-tools-for-stm32.12.3.rel1.win32_1.0.100.202403111256/tools/bin/../lib/gcc/arm-none-eabi/12.3.1/../../../../arm-none-eabi/lib/thumb/v7e-m+fp/hard\libm.a
END GROUP
START GROUP
LOAD C:/ST/STM32CubeIDE_1.14.0/STM32CubeIDE/plugins/com.st.stm32cube.ide.mcu.externaltools.gnu-tools-for-stm32.12.3.rel1.win32_1.0.100.202403111256/tools/bin/../lib/gcc/arm-none-eabi/12.3.1/thumb/v7e-m+fp/hard\libgcc.a
LOAD C:/ST/STM32CubeIDE_1.14.0/STM32CubeIDE/plugins/com.st.stm32cube.ide.mcu.externaltools.gnu-tools-for-stm32.12.3.rel1.win32_1.0.100.202403111256/tools/bin/../lib/gcc/arm-none-eabi/12.3.1/../../../../arm-none-eabi/lib/thumb/v7e-m+fp/hard\libc_nano.a
END GROUP
START GROUP
LOAD C:/ST/STM32CubeIDE_1.14.0/STM32CubeIDE/plugins/com.st.stm32cube.ide.mcu.externaltools.gnu-tools-for-stm32.12.3.rel1.win32_1.0.100.202403111256/tools/bin/../lib/gcc/arm-none-eabi/12.3.1/thumb/v7e-m+fp/hard\libgcc.a
LOAD C:/ST/STM32CubeIDE_1.14.0/STM32CubeIDE/plugins/com.st.stm32cube.ide.mcu.externaltools.gnu-tools-for-stm32.12.3.rel1.win32_1.0.100.202403111256/tools/bin/../lib/gcc/arm-none-eabi/12.3.1/../../../../arm-none-eabi/lib/thumb/v7e-m+fp/hard\libc_nano.a
LOAD C:/ST/STM32CubeIDE_1.14.0/STM32CubeIDE/plugins/com.st.stm32cube.ide.mcu.externaltools.gnu-tools-for-stm32.12.3.rel1.win32_1.0.100.202403111256/tools/bin/../lib/gcc/arm-none-eabi/12.3.1/../../../../arm-none-eabi/lib/thumb/v7e-m+fp/hard\libnosys.a
END GROUP
START GROUP
LOAD C:/ST/STM32CubeIDE_1.14.0/STM32CubeIDE/plugins/com.st.stm32cube.ide.mcu.externaltools.gnu-tools-for-stm32.12.3.rel1.win32_1.0.100.202403111256/tools/bin/../lib/gcc/arm-none-eabi/12.3.1/thumb/v7e-m+fp/hard\libgcc.a
LOAD C:/ST/STM32CubeIDE_1.14.0/STM32CubeIDE/plugins/com.st.stm32cube.ide.mcu.externaltools.gnu-tools-for-stm32.12.3.rel1.win32_1.0.100.202403111256/tools/bin/../lib/gcc/arm-none-eabi/12.3.1/../../../../arm-none-eabi/lib/thumb/v7e-m+fp/hard\libc_nano.a
LOAD C:/ST/STM32CubeIDE_1.14.0/STM32CubeIDE/plugins/com.st.stm32cube.ide.mcu.externaltools.gnu-tools-for-stm32.12.3.rel1.win32_1.0.100.202403111256/tools/bin/../lib/gcc/arm-none-eabi/12.3.1/../../../../arm-none-eabi/lib/thumb/v7e-m+fp/hard\libnosys.a
END GROUP
LOAD C:/ST/STM32CubeIDE_1.14.0/STM32CubeIDE/plugins/com.st.stm32cube.ide.mcu.externaltools.gnu-tools-for-stm32.12.3.rel1.win32_1.0.100.202403111256/tools/bin/../lib/gcc/arm-none-eabi/12.3.1/thumb/v7e-m+fp/hard/crtend.o
LOAD C:/ST/STM32CubeIDE_1.14.0/STM32CubeIDE/plugins/com.st.stm32cube.ide.mcu.externaltools.gnu-tools-for-stm32.12.3.rel1.win32_1.0.100.202403111256/tools/bin/../lib/gcc/arm-none-eabi/12.3.1/thumb/v7e-m+fp/hard/crtn.o
                0x20018000                        _estack = (ORIGIN (RAM) + LENGTH (RAM))
                0x00000200                        _Min_Heap_Size = 0x200
                0x00000400                        _Min_Stack_Size = 0x400

.isr_vector     0x08000000      0x194
                0x08000000                        . = ALIGN (0x4)
 *(.isr_vector)
 .isr_vector    0x08000000      0x194 ./Core/Startup/startup_stm32f401retx.o
                0x08000000                g_pfnVectors
                0x08000194                        . = ALIGN (0x4)

.text           0x08000194     0x2944
                0x08000194                        . = ALIGN (0x4)
 *(.text)
 .text          0x08000194       0x40 C:/ST/STM32CubeIDE_1.14.0/STM32CubeIDE/plugins/com.st.stm32cube.ide.mcu.externaltools.gnu-tools-for-stm32.12.3.rel1.win32_1.0.100.202403111256/tools/bin/../lib/gcc/arm-none-eabi/12.3.1/thumb/v7e-m+fp/hard/crtbegin.o
 .text          0x080001d4       0x30 C:/ST/STM32CubeIDE_1.14.0/STM32CubeIDE/plugins/com.st.stm32cube.ide.mcu.externaltools.gnu-tools-for-stm32.12.3.rel1.win32_1.0.100.202403111256/tools/bin/../lib/gcc/arm-none-eabi/12.3.1/thumb/v7e-m+fp/hard\libgcc.a(_aeabi_uldivmod.o)
                0x080001d4                __aeabi_uldivmod
 .text          0x08000204      0x2bc C:/ST/STM32CubeIDE_1.14.0/STM32CubeIDE/plugins/com.st.stm32cube.ide.mcu.externaltools.gnu-tools-for-stm32.12.3.rel1.win32_1.0.100.202403111256/tools/bin/../lib/gcc/arm-none-eabi/12.3.1/thumb/v7e-m+fp/hard\libgcc.a(_udivmoddi4.o)
                0x08000204                __udivmoddi4
 .text          0x080004c0        0x4 C:/ST/STM32CubeIDE_1.14.0/STM32CubeIDE/plugins/com.st.stm32cube.ide.mcu.externaltools.gnu-tools-for-stm32.12.3.rel1.win32_1.0.100.202403111256/tools/bin/../lib/gcc/arm-none-eabi/12.3.1/thumb/v7e-m+fp/hard\libgcc.a(_dvmd_tls.o)
                0x080004c0                __aeabi_idiv0
                0x080004c0                __aeabi_ldiv0
 *(.text*)
 .text.SysTick_Handler
                0x080004c4       0x10 ./Core/Src/it.o
                0x080004c4                SysTick_Handler
 .text.TIM2_IRQHandler
                0x080004d4       0x14 ./Core/Src/it.o
                0x080004d4                TIM2_IRQHandler
 .text.main     0x080004e8       0x6c ./Core/Src/main_app.o
                0x080004e8                main
 .text.SystemClock_Config_HSE
                0x08000554      0x130 ./Core/Src/main_app.o
                0x08000554                SystemClock_Config_HSE
 .text.GPIO_Init
                0x08000684       0x48 ./Core/Src/main_app.o
                0x08000684                GPIO_Init
 .text.UART2_Init
                0x080006cc       0x4c ./Core/Src/main_app.o
                0x080006cc                UART2_Init
 .text.TIMER2_Init
                0x08000718       0xc0 ./Core/Src/main_app.o
                0x08000718                TIMER2_Init
 .text.HAL_TIM_OC_DelayElapsedCallback
                0x080007d8       0xbc ./Core/Src/main_app.o
                0x080007d8                HAL_TIM_OC_DelayElapsedCallback
 .text.Error_handler
                0x08000894        0x8 ./Core/Src/main_app.o
                0x08000894                Error_handler
 .text.HAL_MspInit
                0x0800089c       0x44 ./Core/Src/msp.o
                0x0800089c                HAL_MspInit
 .text.HAL_TIM_OC_MspInit
                0x080008e0       0xc4 ./Core/Src/msp.o
                0x080008e0                HAL_TIM_OC_MspInit
 .text.HAL_UART_MspInit
                0x080009a4       0x90 ./Core/Src/msp.o
                0x080009a4                HAL_UART_MspInit
 .text.SystemInit
                0x08000a34       0x24 ./Core/Src/system_stm32f4xx.o
                0x08000a34                SystemInit
 .text.Reset_Handler
                0x08000a58       0x50 ./Core/Startup/startup_stm32f401retx.o
                0x08000a58                Reset_Handler
 .text.Default_Handler
                0x08000aa8        0x2 ./Core/Startup/startup_stm32f401retx.o
                0x08000aa8                RTC_Alarm_IRQHandler
                0x08000aa8                EXTI2_IRQHandler
                0x08000aa8                DebugMon_Handler
                0x08000aa8                SPI4_IRQHandler
                0x08000aa8                TIM1_CC_IRQHandler
                0x08000aa8                DMA2_Stream5_IRQHandler
                0x08000aa8                HardFault_Handler
                0x08000aa8                DMA1_Stream5_IRQHandler
                0x08000aa8                PVD_IRQHandler
                0x08000aa8                SDIO_IRQHandler
                0x08000aa8                TAMP_STAMP_IRQHandler
                0x08000aa8                PendSV_Handler
                0x08000aa8                NMI_Handler
                0x08000aa8                EXTI3_IRQHandler
                0x08000aa8                TIM1_UP_TIM10_IRQHandler
                0x08000aa8                I2C3_ER_IRQHandler
                0x08000aa8                EXTI0_IRQHandler
                0x08000aa8                I2C2_EV_IRQHandler
                0x08000aa8                DMA1_Stream2_IRQHandler
                0x08000aa8                FPU_IRQHandler
                0x08000aa8                UsageFault_Handler
                0x08000aa8                DMA2_Stream2_IRQHandler
                0x08000aa8                SPI1_IRQHandler
                0x08000aa8                TIM1_BRK_TIM9_IRQHandler
                0x08000aa8                DMA2_Stream3_IRQHandler
                0x08000aa8                USART6_IRQHandler
                0x08000aa8                DMA2_Stream0_IRQHandler
                0x08000aa8                TIM4_IRQHandler
                0x08000aa8                I2C1_EV_IRQHandler
                0x08000aa8                DMA1_Stream6_IRQHandler
                0x08000aa8                DMA1_Stream1_IRQHandler
                0x08000aa8                TIM3_IRQHandler
                0x08000aa8                RCC_IRQHandler
                0x08000aa8                Default_Handler
                0x08000aa8                EXTI15_10_IRQHandler
                0x08000aa8                ADC_IRQHandler
                0x08000aa8                DMA1_Stream7_IRQHandler
                0x08000aa8                TIM5_IRQHandler
                0x08000aa8                DMA2_Stream7_IRQHandler
                0x08000aa8                I2C3_EV_IRQHandler
                0x08000aa8                EXTI9_5_IRQHandler
                0x08000aa8                RTC_WKUP_IRQHandler
                0x08000aa8                SPI2_IRQHandler
                0x08000aa8                MemManage_Handler
                0x08000aa8                DMA1_Stream0_IRQHandler
                0x08000aa8                SVC_Handler
                0x08000aa8                EXTI4_IRQHandler
                0x08000aa8                WWDG_IRQHandler
                0x08000aa8                OTG_FS_WKUP_IRQHandler
                0x08000aa8                TIM1_TRG_COM_TIM11_IRQHandler
                0x08000aa8                EXTI1_IRQHandler
                0x08000aa8                USART2_IRQHandler
                0x08000aa8                I2C2_ER_IRQHandler
                0x08000aa8                DMA2_Stream1_IRQHandler
                0x08000aa8                FLASH_IRQHandler
                0x08000aa8                DMA2_Stream4_IRQHandler
                0x08000aa8                BusFault_Handler
                0x08000aa8                USART1_IRQHandler
                0x08000aa8                OTG_FS_IRQHandler
                0x08000aa8                SPI3_IRQHandler
                0x08000aa8                DMA1_Stream4_IRQHandler
                0x08000aa8                I2C1_ER_IRQHandler
                0x08000aa8                DMA2_Stream6_IRQHandler
                0x08000aa8                DMA1_Stream3_IRQHandler
 *fill*         0x08000aaa        0x2 
 .text.HAL_Init
                0x08000aac       0x44 ./Drivers/STM32F4xx_HAL_Driver/Src/stm32f4xx_hal.o
                0x08000aac                HAL_Init
 .text.HAL_InitTick
                0x08000af0       0x60 ./Drivers/STM32F4xx_HAL_Driver/Src/stm32f4xx_hal.o
                0x08000af0                HAL_InitTick
 .text.HAL_IncTick
                0x08000b50       0x28 ./Drivers/STM32F4xx_HAL_Driver/Src/stm32f4xx_hal.o
                0x08000b50                HAL_IncTick
 .text.HAL_GetTick
                0x08000b78       0x18 ./Drivers/STM32F4xx_HAL_Driver/Src/stm32f4xx_hal.o
                0x08000b78                HAL_GetTick
 .text.__NVIC_SetPriorityGrouping
                0x08000b90       0x48 ./Drivers/STM32F4xx_HAL_Driver/Src/stm32f4xx_hal_cortex.o
 .text.__NVIC_GetPriorityGrouping
                0x08000bd8       0x1c ./Drivers/STM32F4xx_HAL_Driver/Src/stm32f4xx_hal_cortex.o
 .text.__NVIC_EnableIRQ
                0x08000bf4       0x3c ./Drivers/STM32F4xx_HAL_Driver/Src/stm32f4xx_hal_cortex.o
 .text.__NVIC_SetPriority
                0x08000c30       0x54 ./Drivers/STM32F4xx_HAL_Driver/Src/stm32f4xx_hal_cortex.o
 .text.NVIC_EncodePriority
                0x08000c84       0x66 ./Drivers/STM32F4xx_HAL_Driver/Src/stm32f4xx_hal_cortex.o
 *fill*         0x08000cea        0x2 
 .text.SysTick_Config
                0x08000cec       0x44 ./Drivers/STM32F4xx_HAL_Driver/Src/stm32f4xx_hal_cortex.o
 .text.HAL_NVIC_SetPriorityGrouping
                0x08000d30       0x16 ./Drivers/STM32F4xx_HAL_Driver/Src/stm32f4xx_hal_cortex.o
                0x08000d30                HAL_NVIC_SetPriorityGrouping
 .text.HAL_NVIC_SetPriority
                0x08000d46       0x38 ./Drivers/STM32F4xx_HAL_Driver/Src/stm32f4xx_hal_cortex.o
                0x08000d46                HAL_NVIC_SetPriority
 .text.HAL_NVIC_EnableIRQ
                0x08000d7e       0x1c ./Drivers/STM32F4xx_HAL_Driver/Src/stm32f4xx_hal_cortex.o
                0x08000d7e                HAL_NVIC_EnableIRQ
 .text.HAL_SYSTICK_Config
                0x08000d9a       0x18 ./Drivers/STM32F4xx_HAL_Driver/Src/stm32f4xx_hal_cortex.o
                0x08000d9a                HAL_SYSTICK_Config
 *fill*         0x08000db2        0x2 
 .text.HAL_SYSTICK_CLKSourceConfig
                0x08000db4       0x38 ./Drivers/STM32F4xx_HAL_Driver/Src/stm32f4xx_hal_cortex.o
                0x08000db4                HAL_SYSTICK_CLKSourceConfig
 .text.HAL_SYSTICK_IRQHandler
                0x08000dec        0xc ./Drivers/STM32F4xx_HAL_Driver/Src/stm32f4xx_hal_cortex.o
                0x08000dec                HAL_SYSTICK_IRQHandler
 .text.HAL_SYSTICK_Callback
                0x08000df8        0xe ./Drivers/STM32F4xx_HAL_Driver/Src/stm32f4xx_hal_cortex.o
                0x08000df8                HAL_SYSTICK_Callback
 *fill*         0x08000e06        0x2 
 .text.HAL_GPIO_Init
                0x08000e08      0x308 ./Drivers/STM32F4xx_HAL_Driver/Src/stm32f4xx_hal_gpio.o
                0x08000e08                HAL_GPIO_Init
 .text.HAL_RCC_OscConfig
                0x08001110      0x4f0 ./Drivers/STM32F4xx_HAL_Driver/Src/stm32f4xx_hal_rcc.o
                0x08001110                HAL_RCC_OscConfig
 .text.HAL_RCC_ClockConfig
                0x08001600      0x1cc ./Drivers/STM32F4xx_HAL_Driver/Src/stm32f4xx_hal_rcc.o
                0x08001600                HAL_RCC_ClockConfig
 .text.HAL_RCC_GetSysClockFreq
                0x080017cc      0x20c ./Drivers/STM32F4xx_HAL_Driver/Src/stm32f4xx_hal_rcc.o
                0x080017cc                HAL_RCC_GetSysClockFreq
 .text.HAL_RCC_GetHCLKFreq
                0x080019d8       0x18 ./Drivers/STM32F4xx_HAL_Driver/Src/stm32f4xx_hal_rcc.o
                0x080019d8                HAL_RCC_GetHCLKFreq
 .text.HAL_RCC_GetPCLK1Freq
                0x080019f0       0x28 ./Drivers/STM32F4xx_HAL_Driver/Src/stm32f4xx_hal_rcc.o
                0x080019f0                HAL_RCC_GetPCLK1Freq
 .text.HAL_RCC_GetPCLK2Freq
                0x08001a18       0x28 ./Drivers/STM32F4xx_HAL_Driver/Src/stm32f4xx_hal_rcc.o
                0x08001a18                HAL_RCC_GetPCLK2Freq
 .text.HAL_TIM_OC_Init
                0x08001a40       0x9e ./Drivers/STM32F4xx_HAL_Driver/Src/stm32f4xx_hal_tim.o
                0x08001a40                HAL_TIM_OC_Init
 *fill*         0x08001ade        0x2 
 .text.HAL_TIM_OC_Start_IT
                0x08001ae0      0x1fc ./Drivers/STM32F4xx_HAL_Driver/Src/stm32f4xx_hal_tim.o
                0x08001ae0                HAL_TIM_OC_Start_IT
 .text.HAL_TIM_IRQHandler
                0x08001cdc      0x1e0 ./Drivers/STM32F4xx_HAL_Driver/Src/stm32f4xx_hal_tim.o
                0x08001cdc                HAL_TIM_IRQHandler
 .text.HAL_TIM_OC_ConfigChannel
                0x08001ebc       0xb8 ./Drivers/STM32F4xx_HAL_Driver/Src/stm32f4xx_hal_tim.o
                0x08001ebc                HAL_TIM_OC_ConfigChannel
 .text.HAL_TIM_ReadCapturedValue
                0x08001f74       0x88 ./Drivers/STM32F4xx_HAL_Driver/Src/stm32f4xx_hal_tim.o
                0x08001f74                HAL_TIM_ReadCapturedValue
 .text.HAL_TIM_PeriodElapsedCallback
                0x08001ffc       0x14 ./Drivers/STM32F4xx_HAL_Driver/Src/stm32f4xx_hal_tim.o
                0x08001ffc                HAL_TIM_PeriodElapsedCallback
 .text.HAL_TIM_IC_CaptureCallback
                0x08002010       0x14 ./Drivers/STM32F4xx_HAL_Driver/Src/stm32f4xx_hal_tim.o
                0x08002010                HAL_TIM_IC_CaptureCallback
 .text.HAL_TIM_PWM_PulseFinishedCallback
                0x08002024       0x14 ./Drivers/STM32F4xx_HAL_Driver/Src/stm32f4xx_hal_tim.o
                0x08002024                HAL_TIM_PWM_PulseFinishedCallback
 .text.HAL_TIM_TriggerCallback
                0x08002038       0x14 ./Drivers/STM32F4xx_HAL_Driver/Src/stm32f4xx_hal_tim.o
                0x08002038                HAL_TIM_TriggerCallback
 .text.TIM_Base_SetConfig
                0x0800204c      0x118 ./Drivers/STM32F4xx_HAL_Driver/Src/stm32f4xx_hal_tim.o
                0x0800204c                TIM_Base_SetConfig
 .text.TIM_OC1_SetConfig
                0x08002164       0xcc ./Drivers/STM32F4xx_HAL_Driver/Src/stm32f4xx_hal_tim.o
 .text.TIM_OC2_SetConfig
                0x08002230       0xd8 ./Drivers/STM32F4xx_HAL_Driver/Src/stm32f4xx_hal_tim.o
                0x08002230                TIM_OC2_SetConfig
 .text.TIM_OC3_SetConfig
                0x08002308       0xd4 ./Drivers/STM32F4xx_HAL_Driver/Src/stm32f4xx_hal_tim.o
 .text.TIM_OC4_SetConfig
                0x080023dc       0xa0 ./Drivers/STM32F4xx_HAL_Driver/Src/stm32f4xx_hal_tim.o
 .text.TIM_CCxChannelCmd
                0x0800247c       0x4a ./Drivers/STM32F4xx_HAL_Driver/Src/stm32f4xx_hal_tim.o
                0x0800247c                TIM_CCxChannelCmd
 .text.HAL_TIMEx_CommutCallback
                0x080024c6       0x14 ./Drivers/STM32F4xx_HAL_Driver/Src/stm32f4xx_hal_tim_ex.o
                0x080024c6                HAL_TIMEx_CommutCallback
 .text.HAL_TIMEx_BreakCallback
                0x080024da       0x14 ./Drivers/STM32F4xx_HAL_Driver/Src/stm32f4xx_hal_tim_ex.o
                0x080024da                HAL_TIMEx_BreakCallback
 .text.HAL_UART_Init
                0x080024ee       0xa0 ./Drivers/STM32F4xx_HAL_Driver/Src/stm32f4xx_hal_uart.o
                0x080024ee                HAL_UART_Init
 *fill*         0x0800258e        0x2 
 .text.UART_SetConfig
                0x08002590      0x4e8 ./Drivers/STM32F4xx_HAL_Driver/Src/stm32f4xx_hal_uart.o
 .text.__libc_init_array
                0x08002a78       0x48 C:/ST/STM32CubeIDE_1.14.0/STM32CubeIDE/plugins/com.st.stm32cube.ide.mcu.externaltools.gnu-tools-for-stm32.12.3.rel1.win32_1.0.100.202403111256/tools/bin/../lib/gcc/arm-none-eabi/12.3.1/../../../../arm-none-eabi/lib/thumb/v7e-m+fp/hard\libc_nano.a(libc_a-init.o)
                0x08002a78                __libc_init_array
 *(.glue_7)
 .glue_7        0x08002ac0        0x0 linker stubs
 *(.glue_7t)
 .glue_7t       0x08002ac0        0x0 linker stubs
 *(.eh_frame)
 .eh_frame      0x08002ac0        0x0 C:/ST/STM32CubeIDE_1.14.0/STM32CubeIDE/plugins/com.st.stm32cube.ide.mcu.externaltools.gnu-tools-for-stm32.12.3.rel1.win32_1.0.100.202403111256/tools/bin/../lib/gcc/arm-none-eabi/12.3.1/thumb/v7e-m+fp/hard/crtbegin.o
 *(.init)
 .init          0x08002ac0        0x4 C:/ST/STM32CubeIDE_1.14.0/STM32CubeIDE/plugins/com.st.stm32cube.ide.mcu.externaltools.gnu-tools-for-stm32.12.3.rel1.win32_1.0.100.202403111256/tools/bin/../lib/gcc/arm-none-eabi/12.3.1/thumb/v7e-m+fp/hard/crti.o
                0x08002ac0                _init
 .init          0x08002ac4        0x8 C:/ST/STM32CubeIDE_1.14.0/STM32CubeIDE/plugins/com.st.stm32cube.ide.mcu.externaltools.gnu-tools-for-stm32.12.3.rel1.win32_1.0.100.202403111256/tools/bin/../lib/gcc/arm-none-eabi/12.3.1/thumb/v7e-m+fp/hard/crtn.o
 *(.fini)
 .fini          0x08002acc        0x4 C:/ST/STM32CubeIDE_1.14.0/STM32CubeIDE/plugins/com.st.stm32cube.ide.mcu.externaltools.gnu-tools-for-stm32.12.3.rel1.win32_1.0.100.202403111256/tools/bin/../lib/gcc/arm-none-eabi/12.3.1/thumb/v7e-m+fp/hard/crti.o
                0x08002acc                _fini
 .fini          0x08002ad0        0x8 C:/ST/STM32CubeIDE_1.14.0/STM32CubeIDE/plugins/com.st.stm32cube.ide.mcu.externaltools.gnu-tools-for-stm32.12.3.rel1.win32_1.0.100.202403111256/tools/bin/../lib/gcc/arm-none-eabi/12.3.1/thumb/v7e-m+fp/hard/crtn.o
                0x08002ad8                        . = ALIGN (0x4)
                0x08002ad8                        _etext = .

.vfp11_veneer   0x08002ad8        0x0
 .vfp11_veneer  0x08002ad8        0x0 linker stubs

.v4_bx          0x08002ad8        0x0
 .v4_bx         0x08002ad8        0x0 linker stubs

.iplt           0x08002ad8        0x0
 .iplt          0x08002ad8        0x0 C:/ST/STM32CubeIDE_1.14.0/STM32CubeIDE/plugins/com.st.stm32cube.ide.mcu.externaltools.gnu-tools-for-stm32.12.3.rel1.win32_1.0.100.202403111256/tools/bin/../lib/gcc/arm-none-eabi/12.3.1/thumb/v7e-m+fp/hard/crtbegin.o

.rodata         0x08002ad8       0x18
                0x08002ad8                        . = ALIGN (0x4)
 *(.rodata)
 *(.rodata*)
 .rodata.AHBPrescTable
                0x08002ad8       0x10 ./Core/Src/system_stm32f4xx.o
                0x08002ad8                AHBPrescTable
 .rodata.APBPrescTable
                0x08002ae8        0x8 ./Core/Src/system_stm32f4xx.o
                0x08002ae8                APBPrescTable
                0x08002af0                        . = ALIGN (0x4)

.ARM.extab      0x08002af0        0x0
                0x08002af0                        . = ALIGN (0x4)
 *(.ARM.extab* .gnu.linkonce.armextab.*)
                0x08002af0                        . = ALIGN (0x4)

.ARM            0x08002af0        0x8
                0x08002af0                        . = ALIGN (0x4)
                0x08002af0                        __exidx_start = .
 *(.ARM.exidx*)
 .ARM.exidx     0x08002af0        0x8 C:/ST/STM32CubeIDE_1.14.0/STM32CubeIDE/plugins/com.st.stm32cube.ide.mcu.externaltools.gnu-tools-for-stm32.12.3.rel1.win32_1.0.100.202403111256/tools/bin/../lib/gcc/arm-none-eabi/12.3.1/thumb/v7e-m+fp/hard\libgcc.a(_udivmoddi4.o)
                0x08002af8                        __exidx_end = .
                0x08002af8                        . = ALIGN (0x4)

.preinit_array  0x08002af8        0x0
                0x08002af8                        . = ALIGN (0x4)
                0x08002af8                        PROVIDE (__preinit_array_start = .)
 *(.preinit_array*)
                0x08002af8                        PROVIDE (__preinit_array_end = .)
                0x08002af8                        . = ALIGN (0x4)

.init_array     0x08002af8        0x4
                0x08002af8                        . = ALIGN (0x4)
                0x08002af8                        PROVIDE (__init_array_start = .)
 *(SORT_BY_NAME(.init_array.*))
 *(.init_array*)
 .init_array    0x08002af8        0x4 C:/ST/STM32CubeIDE_1.14.0/STM32CubeIDE/plugins/com.st.stm32cube.ide.mcu.externaltools.gnu-tools-for-stm32.12.3.rel1.win32_1.0.100.202403111256/tools/bin/../lib/gcc/arm-none-eabi/12.3.1/thumb/v7e-m+fp/hard/crtbegin.o
                0x08002afc                        PROVIDE (__init_array_end = .)
                0x08002afc                        . = ALIGN (0x4)

.fini_array     0x08002afc        0x4
                0x08002afc                        . = ALIGN (0x4)
                [!provide]                        PROVIDE (__fini_array_start = .)
 *(SORT_BY_NAME(.fini_array.*))
 *(.fini_array*)
 .fini_array    0x08002afc        0x4 C:/ST/STM32CubeIDE_1.14.0/STM32CubeIDE/plugins/com.st.stm32cube.ide.mcu.externaltools.gnu-tools-for-stm32.12.3.rel1.win32_1.0.100.202403111256/tools/bin/../lib/gcc/arm-none-eabi/12.3.1/thumb/v7e-m+fp/hard/crtbegin.o
                [!provide]                        PROVIDE (__fini_array_end = .)
                0x08002b00                        . = ALIGN (0x4)
                0x08002b00                        _sidata = LOADADDR (.data)

.rel.dyn        0x08002b00        0x0
 .rel.iplt      0x08002b00        0x0 C:/ST/STM32CubeIDE_1.14.0/STM32CubeIDE/plugins/com.st.stm32cube.ide.mcu.externaltools.gnu-tools-for-stm32.12.3.rel1.win32_1.0.100.202403111256/tools/bin/../lib/gcc/arm-none-eabi/12.3.1/thumb/v7e-m+fp/hard/crtbegin.o

.data           0x20000000       0x1c load address 0x08002b00
                0x20000000                        . = ALIGN (0x4)
                0x20000000                        _sdata = .
 *(.data)
 *(.data*)
 .data.pulse1_value
                0x20000000        0x4 ./Core/Src/main_app.o
                0x20000000                pulse1_value
 .data.pulse2_value
                0x20000004        0x4 ./Core/Src/main_app.o
                0x20000004                pulse2_value
 .data.pulse3_value
                0x20000008        0x4 ./Core/Src/main_app.o
                0x20000008                pulse3_value
 .data.pulse4_value
                0x2000000c        0x4 ./Core/Src/main_app.o
                0x2000000c                pulse4_value
 .data.SystemCoreClock
                0x20000010        0x4 ./Core/Src/system_stm32f4xx.o
                0x20000010                SystemCoreClock
 .data.uwTickPrio
                0x20000014        0x4 ./Drivers/STM32F4xx_HAL_Driver/Src/stm32f4xx_hal.o
                0x20000014                uwTickPrio
 .data.uwTickFreq
                0x20000018        0x1 ./Drivers/STM32F4xx_HAL_Driver/Src/stm32f4xx_hal.o
                0x20000018                uwTickFreq
 *(.RamFunc)
 *(.RamFunc*)
                0x2000001c                        . = ALIGN (0x4)
 *fill*         0x20000019        0x3 
                0x2000001c                        _edata = .

.igot.plt       0x2000001c        0x0 load address 0x08002b1c
 .igot.plt      0x2000001c        0x0 C:/ST/STM32CubeIDE_1.14.0/STM32CubeIDE/plugins/com.st.stm32cube.ide.mcu.externaltools.gnu-tools-for-stm32.12.3.rel1.win32_1.0.100.202403111256/tools/bin/../lib/gcc/arm-none-eabi/12.3.1/thumb/v7e-m+fp/hard/crtbegin.o
                0x2000001c                        . = ALIGN (0x4)

.bss            0x2000001c       0xb4 load address 0x08002b1c
                0x2000001c                        _sbss = .
                0x2000001c                        __bss_start__ = _sbss
 *(.bss)
 .bss           0x2000001c       0x1c C:/ST/STM32CubeIDE_1.14.0/STM32CubeIDE/plugins/com.st.stm32cube.ide.mcu.externaltools.gnu-tools-for-stm32.12.3.rel1.win32_1.0.100.202403111256/tools/bin/../lib/gcc/arm-none-eabi/12.3.1/thumb/v7e-m+fp/hard/crtbegin.o
 *(.bss*)
 .bss.htimer2   0x20000038       0x48 ./Core/Src/main_app.o
                0x20000038                htimer2
 .bss.huart2    0x20000080       0x48 ./Core/Src/main_app.o
                0x20000080                huart2
 .bss.ccr_content
                0x200000c8        0x4 ./Core/Src/main_app.o
                0x200000c8                ccr_content
 .bss.uwTick    0x200000cc        0x4 ./Drivers/STM32F4xx_HAL_Driver/Src/stm32f4xx_hal.o
                0x200000cc                uwTick
 *(COMMON)
                0x200000d0                        . = ALIGN (0x4)
                0x200000d0                        _ebss = .
                0x200000d0                        __bss_end__ = _ebss

._user_heap_stack
                0x200000d0      0x600 load address 0x08002b1c
                0x200000d0                        . = ALIGN (0x8)
                [!provide]                        PROVIDE (end = .)
                0x200000d0                        PROVIDE (_end = .)
                0x200002d0                        . = (. + _Min_Heap_Size)
 *fill*         0x200000d0      0x200 
                0x200006d0                        . = (. + _Min_Stack_Size)
 *fill*         0x200002d0      0x400 
                0x200006d0                        . = ALIGN (0x8)

/DISCARD/
 libc.a(*)
 libm.a(*)
 libgcc.a(*)

.ARM.attributes
                0x00000000       0x30
 *(.ARM.attributes)
 .ARM.attributes
                0x00000000       0x22 C:/ST/STM32CubeIDE_1.14.0/STM32CubeIDE/plugins/com.st.stm32cube.ide.mcu.externaltools.gnu-tools-for-stm32.12.3.rel1.win32_1.0.100.202403111256/tools/bin/../lib/gcc/arm-none-eabi/12.3.1/thumb/v7e-m+fp/hard/crti.o
 .ARM.attributes
                0x00000022       0x34 C:/ST/STM32CubeIDE_1.14.0/STM32CubeIDE/plugins/com.st.stm32cube.ide.mcu.externaltools.gnu-tools-for-stm32.12.3.rel1.win32_1.0.100.202403111256/tools/bin/../lib/gcc/arm-none-eabi/12.3.1/thumb/v7e-m+fp/hard/crtbegin.o
 .ARM.attributes
                0x00000056       0x34 ./Core/Src/it.o
 .ARM.attributes
                0x0000008a       0x34 ./Core/Src/main_app.o
 .ARM.attributes
                0x000000be       0x34 ./Core/Src/msp.o
 .ARM.attributes
                0x000000f2       0x34 ./Core/Src/system_stm32f4xx.o
 .ARM.attributes
                0x00000126       0x21 ./Core/Startup/startup_stm32f401retx.o
 .ARM.attributes
                0x00000147       0x34 ./Drivers/STM32F4xx_HAL_Driver/Src/stm32f4xx_hal.o
 .ARM.attributes
                0x0000017b       0x34 ./Drivers/STM32F4xx_HAL_Driver/Src/stm32f4xx_hal_cortex.o
 .ARM.attributes
                0x000001af       0x34 ./Drivers/STM32F4xx_HAL_Driver/Src/stm32f4xx_hal_gpio.o
 .ARM.attributes
                0x000001e3       0x34 ./Drivers/STM32F4xx_HAL_Driver/Src/stm32f4xx_hal_rcc.o
 .ARM.attributes
                0x00000217       0x34 ./Drivers/STM32F4xx_HAL_Driver/Src/stm32f4xx_hal_tim.o
 .ARM.attributes
                0x0000024b       0x34 ./Drivers/STM32F4xx_HAL_Driver/Src/stm32f4xx_hal_tim_ex.o
 .ARM.attributes
                0x0000027f       0x34 ./Drivers/STM32F4xx_HAL_Driver/Src/stm32f4xx_hal_uart.o
 .ARM.attributes
                0x000002b3       0x34 C:/ST/STM32CubeIDE_1.14.0/STM32CubeIDE/plugins/com.st.stm32cube.ide.mcu.externaltools.gnu-tools-for-stm32.12.3.rel1.win32_1.0.100.202403111256/tools/bin/../lib/gcc/arm-none-eabi/12.3.1/../../../../arm-none-eabi/lib/thumb/v7e-m+fp/hard\libc_nano.a(libc_a-init.o)
 .ARM.attributes
                0x000002e7       0x22 C:/ST/STM32CubeIDE_1.14.0/STM32CubeIDE/plugins/com.st.stm32cube.ide.mcu.externaltools.gnu-tools-for-stm32.12.3.rel1.win32_1.0.100.202403111256/tools/bin/../lib/gcc/arm-none-eabi/12.3.1/thumb/v7e-m+fp/hard\libgcc.a(_aeabi_uldivmod.o)
 .ARM.attributes
                0x00000309       0x34 C:/ST/STM32CubeIDE_1.14.0/STM32CubeIDE/plugins/com.st.stm32cube.ide.mcu.externaltools.gnu-tools-for-stm32.12.3.rel1.win32_1.0.100.202403111256/tools/bin/../lib/gcc/arm-none-eabi/12.3.1/thumb/v7e-m+fp/hard\libgcc.a(_udivmoddi4.o)
 .ARM.attributes
                0x0000033d       0x22 C:/ST/STM32CubeIDE_1.14.0/STM32CubeIDE/plugins/com.st.stm32cube.ide.mcu.externaltools.gnu-tools-for-stm32.12.3.rel1.win32_1.0.100.202403111256/tools/bin/../lib/gcc/arm-none-eabi/12.3.1/thumb/v7e-m+fp/hard\libgcc.a(_dvmd_tls.o)
 .ARM.attributes
                0x0000035f       0x22 C:/ST/STM32CubeIDE_1.14.0/STM32CubeIDE/plugins/com.st.stm32cube.ide.mcu.externaltools.gnu-tools-for-stm32.12.3.rel1.win32_1.0.100.202403111256/tools/bin/../lib/gcc/arm-none-eabi/12.3.1/thumb/v7e-m+fp/hard/crtn.o
OUTPUT(Timer_OC_1.elf elf32-littlearm)
LOAD linker stubs
LOAD C:/ST/STM32CubeIDE_1.14.0/STM32CubeIDE/plugins/com.st.stm32cube.ide.mcu.externaltools.gnu-tools-for-stm32.12.3.rel1.win32_1.0.100.202403111256/tools/bin/../lib/gcc/arm-none-eabi/12.3.1/../../../../arm-none-eabi/lib/thumb/v7e-m+fp/hard\libc.a
LOAD C:/ST/STM32CubeIDE_1.14.0/STM32CubeIDE/plugins/com.st.stm32cube.ide.mcu.externaltools.gnu-tools-for-stm32.12.3.rel1.win32_1.0.100.202403111256/tools/bin/../lib/gcc/arm-none-eabi/12.3.1/../../../../arm-none-eabi/lib/thumb/v7e-m+fp/hard\libm.a
LOAD C:/ST/STM32CubeIDE_1.14.0/STM32CubeIDE/plugins/com.st.stm32cube.ide.mcu.externaltools.gnu-tools-for-stm32.12.3.rel1.win32_1.0.100.202403111256/tools/bin/../lib/gcc/arm-none-eabi/12.3.1/thumb/v7e-m+fp/hard\libgcc.a

.debug_info     0x00000000     0xc126
 .debug_info    0x00000000      0x663 ./Core/Src/it.o
 .debug_info    0x00000663     0x11d6 ./Core/Src/main_app.o
 .debug_info    0x00001839     0x1057 ./Core/Src/msp.o
 .debug_info    0x00002890      0x53e ./Core/Src/system_stm32f4xx.o
 .debug_info    0x00002dce       0x30 ./Core/Startup/startup_stm32f401retx.o
 .debug_info    0x00002dfe      0x8bb ./Drivers/STM32F4xx_HAL_Driver/Src/stm32f4xx_hal.o
 .debug_info    0x000036b9      0xcc1 ./Drivers/STM32F4xx_HAL_Driver/Src/stm32f4xx_hal_cortex.o
 .debug_info    0x0000437a      0x6f9 ./Drivers/STM32F4xx_HAL_Driver/Src/stm32f4xx_hal_gpio.o
 .debug_info    0x00004a73      0x8f3 ./Drivers/STM32F4xx_HAL_Driver/Src/stm32f4xx_hal_rcc.o
 .debug_info    0x00005366     0x2996 ./Drivers/STM32F4xx_HAL_Driver/Src/stm32f4xx_hal_tim.o
 .debug_info    0x00007cfc     0x14d4 ./Drivers/STM32F4xx_HAL_Driver/Src/stm32f4xx_hal_tim_ex.o
 .debug_info    0x000091d0     0x2f56 ./Drivers/STM32F4xx_HAL_Driver/Src/stm32f4xx_hal_uart.o

.debug_abbrev   0x00000000     0x1945
 .debug_abbrev  0x00000000      0x19d ./Core/Src/it.o
 .debug_abbrev  0x0000019d      0x259 ./Core/Src/main_app.o
 .debug_abbrev  0x000003f6      0x1da ./Core/Src/msp.o
 .debug_abbrev  0x000005d0      0x11a ./Core/Src/system_stm32f4xx.o
 .debug_abbrev  0x000006ea       0x24 ./Core/Startup/startup_stm32f401retx.o
 .debug_abbrev  0x0000070e      0x24b ./Drivers/STM32F4xx_HAL_Driver/Src/stm32f4xx_hal.o
 .debug_abbrev  0x00000959      0x328 ./Drivers/STM32F4xx_HAL_Driver/Src/stm32f4xx_hal_cortex.o
 .debug_abbrev  0x00000c81      0x1d3 ./Drivers/STM32F4xx_HAL_Driver/Src/stm32f4xx_hal_gpio.o
 .debug_abbrev  0x00000e54      0x2b5 ./Drivers/STM32F4xx_HAL_Driver/Src/stm32f4xx_hal_rcc.o
 .debug_abbrev  0x00001109      0x28b ./Drivers/STM32F4xx_HAL_Driver/Src/stm32f4xx_hal_tim.o
 .debug_abbrev  0x00001394      0x296 ./Drivers/STM32F4xx_HAL_Driver/Src/stm32f4xx_hal_tim_ex.o
 .debug_abbrev  0x0000162a      0x31b ./Drivers/STM32F4xx_HAL_Driver/Src/stm32f4xx_hal_uart.o

.debug_aranges  0x00000000      0xb28
 .debug_aranges
                0x00000000       0x28 ./Core/Src/it.o
 .debug_aranges
                0x00000028       0x50 ./Core/Src/main_app.o
 .debug_aranges
                0x00000078       0x30 ./Core/Src/msp.o
 .debug_aranges
                0x000000a8       0x28 ./Core/Src/system_stm32f4xx.o
 .debug_aranges
                0x000000d0       0x28 ./Core/Startup/startup_stm32f401retx.o
 .debug_aranges
                0x000000f8       0xf0 ./Drivers/STM32F4xx_HAL_Driver/Src/stm32f4xx_hal.o
 .debug_aranges
                0x000001e8      0x120 ./Drivers/STM32F4xx_HAL_Driver/Src/stm32f4xx_hal_cortex.o
 .debug_aranges
                0x00000308       0x58 ./Drivers/STM32F4xx_HAL_Driver/Src/stm32f4xx_hal_gpio.o
 .debug_aranges
                0x00000360       0x88 ./Drivers/STM32F4xx_HAL_Driver/Src/stm32f4xx_hal_rcc.o
 .debug_aranges
                0x000003e8      0x3d0 ./Drivers/STM32F4xx_HAL_Driver/Src/stm32f4xx_hal_tim.o
 .debug_aranges
                0x000007b8      0x168 ./Drivers/STM32F4xx_HAL_Driver/Src/stm32f4xx_hal_tim_ex.o
 .debug_aranges
                0x00000920      0x208 ./Drivers/STM32F4xx_HAL_Driver/Src/stm32f4xx_hal_uart.o

.debug_rnglists
                0x00000000      0x8ca
 .debug_rnglists
                0x00000000       0x19 ./Core/Src/it.o
 .debug_rnglists
                0x00000019       0x3a ./Core/Src/main_app.o
 .debug_rnglists
                0x00000053       0x21 ./Core/Src/msp.o
 .debug_rnglists
                0x00000074       0x1a ./Core/Src/system_stm32f4xx.o
 .debug_rnglists
                0x0000008e       0x19 ./Core/Startup/startup_stm32f401retx.o
 .debug_rnglists
                0x000000a7       0xaf ./Drivers/STM32F4xx_HAL_Driver/Src/stm32f4xx_hal.o
 .debug_rnglists
                0x00000156       0xd4 ./Drivers/STM32F4xx_HAL_Driver/Src/stm32f4xx_hal_cortex.o
 .debug_rnglists
                0x0000022a       0x3f ./Drivers/STM32F4xx_HAL_Driver/Src/stm32f4xx_hal_gpio.o
 .debug_rnglists
                0x00000269       0x66 ./Drivers/STM32F4xx_HAL_Driver/Src/stm32f4xx_hal_rcc.o
 .debug_rnglists
                0x000002cf      0x31a ./Drivers/STM32F4xx_HAL_Driver/Src/stm32f4xx_hal_tim.o
 .debug_rnglists
                0x000005e9      0x125 ./Drivers/STM32F4xx_HAL_Driver/Src/stm32f4xx_hal_tim_ex.o
 .debug_rnglists
                0x0000070e      0x1bc ./Drivers/STM32F4xx_HAL_Driver/Src/stm32f4xx_hal_uart.o

.debug_macro    0x00000000    0x15e8e
 .debug_macro   0x00000000      0x1dd ./Core/Src/it.o
 .debug_macro   0x000001dd      0xab4 ./Core/Src/it.o
 .debug_macro   0x00000c91      0x29b ./Core/Src/it.o
 .debug_macro   0x00000f2c       0x2e ./Core/Src/it.o
 .debug_macro   0x00000f5a       0x28 ./Core/Src/it.o
 .debug_macro   0x00000f82       0x22 ./Core/Src/it.o
 .debug_macro   0x00000fa4       0x8e ./Core/Src/it.o
 .debug_macro   0x00001032       0x51 ./Core/Src/it.o
 .debug_macro   0x00001083      0x103 ./Core/Src/it.o
 .debug_macro   0x00001186       0x6a ./Core/Src/it.o
 .debug_macro   0x000011f0      0x1df ./Core/Src/it.o
 .debug_macro   0x000013cf       0x1c ./Core/Src/it.o
 .debug_macro   0x000013eb       0x22 ./Core/Src/it.o
 .debug_macro   0x0000140d       0xfb ./Core/Src/it.o
 .debug_macro   0x00001508     0x1011 ./Core/Src/it.o
 .debug_macro   0x00002519      0x11f ./Core/Src/it.o
 .debug_macro   0x00002638     0xb86c ./Core/Src/it.o
 .debug_macro   0x0000dea4       0x6d ./Core/Src/it.o
 .debug_macro   0x0000df11     0x368c ./Core/Src/it.o
 .debug_macro   0x0001159d      0x189 ./Core/Src/it.o
 .debug_macro   0x00011726       0x5c ./Core/Src/it.o
 .debug_macro   0x00011782      0x416 ./Core/Src/it.o
 .debug_macro   0x00011b98      0x9e9 ./Core/Src/it.o
 .debug_macro   0x00012581      0x115 ./Core/Src/it.o
 .debug_macro   0x00012696       0xf8 ./Core/Src/it.o
 .debug_macro   0x0001278e       0xa5 ./Core/Src/it.o
 .debug_macro   0x00012833      0x15f ./Core/Src/it.o
 .debug_macro   0x00012992      0x287 ./Core/Src/it.o
 .debug_macro   0x00012c19       0x5f ./Core/Src/it.o
 .debug_macro   0x00012c78      0x236 ./Core/Src/it.o
 .debug_macro   0x00012eae      0x132 ./Core/Src/it.o
 .debug_macro   0x00012fe0      0x264 ./Core/Src/it.o
 .debug_macro   0x00013244       0x2e ./Core/Src/it.o
 .debug_macro   0x00013272      0x127 ./Core/Src/it.o
 .debug_macro   0x00013399       0x85 ./Core/Src/it.o
 .debug_macro   0x0001341e       0x89 ./Core/Src/it.o
 .debug_macro   0x000134a7      0x8ed ./Core/Src/it.o
 .debug_macro   0x00013d94       0x47 ./Core/Src/it.o
 .debug_macro   0x00013ddb      0x2aa ./Core/Src/it.o
 .debug_macro   0x00014085      0x126 ./Core/Src/it.o
 .debug_macro   0x000141ab       0x22 ./Core/Src/it.o
 .debug_macro   0x000141cd      0x29f ./Core/Src/main_app.o
 .debug_macro   0x0001446c       0x5b ./Core/Src/main_app.o
 .debug_macro   0x000144c7       0x2a ./Core/Src/main_app.o
 .debug_macro   0x000144f1       0x94 ./Core/Src/main_app.o
 .debug_macro   0x00014585       0x43 ./Core/Src/main_app.o
 .debug_macro   0x000145c8       0x34 ./Core/Src/main_app.o
 .debug_macro   0x000145fc       0x16 ./Core/Src/main_app.o
 .debug_macro   0x00014612       0x43 ./Core/Src/main_app.o
 .debug_macro   0x00014655       0x57 ./Core/Src/main_app.o
 .debug_macro   0x000146ac       0x34 ./Core/Src/main_app.o
 .debug_macro   0x000146e0       0x10 ./Core/Src/main_app.o
 .debug_macro   0x000146f0       0x58 ./Core/Src/main_app.o
 .debug_macro   0x00014748       0x8e ./Core/Src/main_app.o
 .debug_macro   0x000147d6       0x1c ./Core/Src/main_app.o
 .debug_macro   0x000147f2      0x177 ./Core/Src/main_app.o
 .debug_macro   0x00014969      0x369 ./Core/Src/main_app.o
 .debug_macro   0x00014cd2       0x10 ./Core/Src/main_app.o
 .debug_macro   0x00014ce2       0x35 ./Core/Src/main_app.o
 .debug_macro   0x00014d17       0x20 ./Core/Src/main_app.o
 .debug_macro   0x00014d37       0x56 ./Core/Src/main_app.o
 .debug_macro   0x00014d8d       0x28 ./Core/Src/main_app.o
 .debug_macro   0x00014db5      0x1dd ./Core/Src/msp.o
 .debug_macro   0x00014f92      0x1ce ./Core/Src/system_stm32f4xx.o
 .debug_macro   0x00015160      0x22e ./Drivers/STM32F4xx_HAL_Driver/Src/stm32f4xx_hal.o
 .debug_macro   0x0001538e      0x1ce ./Drivers/STM32F4xx_HAL_Driver/Src/stm32f4xx_hal_cortex.o
 .debug_macro   0x0001555c      0x1d4 ./Drivers/STM32F4xx_HAL_Driver/Src/stm32f4xx_hal_gpio.o
 .debug_macro   0x00015730      0x1f2 ./Drivers/STM32F4xx_HAL_Driver/Src/stm32f4xx_hal_rcc.o
 .debug_macro   0x00015922      0x1cf ./Drivers/STM32F4xx_HAL_Driver/Src/stm32f4xx_hal_tim.o
 .debug_macro   0x00015af1      0x1ce ./Drivers/STM32F4xx_HAL_Driver/Src/stm32f4xx_hal_tim_ex.o
 .debug_macro   0x00015cbf      0x1cf ./Drivers/STM32F4xx_HAL_Driver/Src/stm32f4xx_hal_uart.o

.debug_line     0x00000000     0xcafb
 .debug_line    0x00000000      0x75a ./Core/Src/it.o
 .debug_line    0x0000075a      0xa89 ./Core/Src/main_app.o
 .debug_line    0x000011e3      0x7bb ./Core/Src/msp.o
 .debug_line    0x0000199e      0x7d3 ./Core/Src/system_stm32f4xx.o
 .debug_line    0x00002171       0x7a ./Core/Startup/startup_stm32f401retx.o
 .debug_line    0x000021eb      0xa3c ./Drivers/STM32F4xx_HAL_Driver/Src/stm32f4xx_hal.o
 .debug_line    0x00002c27      0xd04 ./Drivers/STM32F4xx_HAL_Driver/Src/stm32f4xx_hal_cortex.o
 .debug_line    0x0000392b      0xb8c ./Drivers/STM32F4xx_HAL_Driver/Src/stm32f4xx_hal_gpio.o
 .debug_line    0x000044b7      0xdaf ./Drivers/STM32F4xx_HAL_Driver/Src/stm32f4xx_hal_rcc.o
 .debug_line    0x00005266     0x35ba ./Drivers/STM32F4xx_HAL_Driver/Src/stm32f4xx_hal_tim.o
 .debug_line    0x00008820     0x19cd ./Drivers/STM32F4xx_HAL_Driver/Src/stm32f4xx_hal_tim_ex.o
 .debug_line    0x0000a1ed     0x290e ./Drivers/STM32F4xx_HAL_Driver/Src/stm32f4xx_hal_uart.o

.debug_str      0x00000000    0x8c95a
 .debug_str     0x00000000    0x865fe ./Core/Src/it.o
                              0x86913 (size before relaxing)
 .debug_str     0x000865fe     0x3b9b ./Core/Src/main_app.o
                              0x8a4b8 (size before relaxing)
 .debug_str     0x0008a199       0xe6 ./Core/Src/msp.o
                              0x870d8 (size before relaxing)
 .debug_str     0x0008a27f       0x87 ./Core/Src/system_stm32f4xx.o
                              0x86511 (size before relaxing)
 .debug_str     0x0008a306       0x44 ./Core/Startup/startup_stm32f401retx.o
                                 0xb6 (size before relaxing)
 .debug_str     0x0008a34a      0x5e7 ./Drivers/STM32F4xx_HAL_Driver/Src/stm32f4xx_hal.o
                              0x86f33 (size before relaxing)
 .debug_str     0x0008a931      0x337 ./Drivers/STM32F4xx_HAL_Driver/Src/stm32f4xx_hal_cortex.o
                              0x86c6b (size before relaxing)
 .debug_str     0x0008ac68      0x16d ./Drivers/STM32F4xx_HAL_Driver/Src/stm32f4xx_hal_gpio.o
                              0x8668c (size before relaxing)
 .debug_str     0x0008add5      0x25f ./Drivers/STM32F4xx_HAL_Driver/Src/stm32f4xx_hal_rcc.o
                              0x86945 (size before relaxing)
 .debug_str     0x0008b034      0xdda ./Drivers/STM32F4xx_HAL_Driver/Src/stm32f4xx_hal_tim.o
                              0x87889 (size before relaxing)
 .debug_str     0x0008be0e      0x503 ./Drivers/STM32F4xx_HAL_Driver/Src/stm32f4xx_hal_tim_ex.o
                              0x87095 (size before relaxing)
 .debug_str     0x0008c311      0x649 ./Drivers/STM32F4xx_HAL_Driver/Src/stm32f4xx_hal_uart.o
                              0x86f14 (size before relaxing)

.comment        0x00000000       0x43
 .comment       0x00000000       0x43 ./Core/Src/it.o
                                 0x44 (size before relaxing)
 .comment       0x00000043       0x44 ./Core/Src/main_app.o
 .comment       0x00000043       0x44 ./Core/Src/msp.o
 .comment       0x00000043       0x44 ./Core/Src/system_stm32f4xx.o
 .comment       0x00000043       0x44 ./Drivers/STM32F4xx_HAL_Driver/Src/stm32f4xx_hal.o
 .comment       0x00000043       0x44 ./Drivers/STM32F4xx_HAL_Driver/Src/stm32f4xx_hal_cortex.o
 .comment       0x00000043       0x44 ./Drivers/STM32F4xx_HAL_Driver/Src/stm32f4xx_hal_gpio.o
 .comment       0x00000043       0x44 ./Drivers/STM32F4xx_HAL_Driver/Src/stm32f4xx_hal_rcc.o
 .comment       0x00000043       0x44 ./Drivers/STM32F4xx_HAL_Driver/Src/stm32f4xx_hal_tim.o
 .comment       0x00000043       0x44 ./Drivers/STM32F4xx_HAL_Driver/Src/stm32f4xx_hal_tim_ex.o
 .comment       0x00000043       0x44 ./Drivers/STM32F4xx_HAL_Driver/Src/stm32f4xx_hal_uart.o

.debug_frame    0x00000000     0x2f40
 .debug_frame   0x00000000       0x48 ./Core/Src/it.o
 .debug_frame   0x00000048       0xf0 ./Core/Src/main_app.o
 .debug_frame   0x00000138       0x74 ./Core/Src/msp.o
 .debug_frame   0x000001ac       0x58 ./Core/Src/system_stm32f4xx.o
 .debug_frame   0x00000204      0x374 ./Drivers/STM32F4xx_HAL_Driver/Src/stm32f4xx_hal.o
 .debug_frame   0x00000578      0x4b8 ./Drivers/STM32F4xx_HAL_Driver/Src/stm32f4xx_hal_cortex.o
 .debug_frame   0x00000a30      0x14c ./Drivers/STM32F4xx_HAL_Driver/Src/stm32f4xx_hal_gpio.o
 .debug_frame   0x00000b7c      0x1f4 ./Drivers/STM32F4xx_HAL_Driver/Src/stm32f4xx_hal_rcc.o
 .debug_frame   0x00000d70     0x11b8 ./Drivers/STM32F4xx_HAL_Driver/Src/stm32f4xx_hal_tim.o
 .debug_frame   0x00001f28      0x638 ./Drivers/STM32F4xx_HAL_Driver/Src/stm32f4xx_hal_tim_ex.o
 .debug_frame   0x00002560      0x954 ./Drivers/STM32F4xx_HAL_Driver/Src/stm32f4xx_hal_uart.o
 .debug_frame   0x00002eb4       0x2c C:/ST/STM32CubeIDE_1.14.0/STM32CubeIDE/plugins/com.st.stm32cube.ide.mcu.externaltools.gnu-tools-for-stm32.12.3.rel1.win32_1.0.100.202403111256/tools/bin/../lib/gcc/arm-none-eabi/12.3.1/../../../../arm-none-eabi/lib/thumb/v7e-m+fp/hard\libc_nano.a(libc_a-init.o)
 .debug_frame   0x00002ee0       0x2c C:/ST/STM32CubeIDE_1.14.0/STM32CubeIDE/plugins/com.st.stm32cube.ide.mcu.externaltools.gnu-tools-for-stm32.12.3.rel1.win32_1.0.100.202403111256/tools/bin/../lib/gcc/arm-none-eabi/12.3.1/thumb/v7e-m+fp/hard\libgcc.a(_aeabi_uldivmod.o)
 .debug_frame   0x00002f0c       0x34 C:/ST/STM32CubeIDE_1.14.0/STM32CubeIDE/plugins/com.st.stm32cube.ide.mcu.externaltools.gnu-tools-for-stm32.12.3.rel1.win32_1.0.100.202403111256/tools/bin/../lib/gcc/arm-none-eabi/12.3.1/thumb/v7e-m+fp/hard\libgcc.a(_udivmoddi4.o)

.debug_line_str
                0x00000000       0x9a
 .debug_line_str
                0x00000000       0x9a ./Core/Startup/startup_stm32f401retx.o
