../Core/Src/main_app.c:30:5:main	8	static
../Core/Src/main_app.c:65:6:SystemClock_Config_HSE	96	static
../Core/Src/main_app.c:151:6:CAN1_Tx	48	static
../Core/Src/main_app.c:170:6:CAN1_Rx	96	static
../Core/Src/main_app.c:191:6:CAN_Filter_Config	48	static
../Core/Src/main_app.c:212:6:GPIO_Init	32	static
../Core/Src/main_app.c:224:6:UART2_Init	8	static
../Core/Src/main_app.c:241:6:CAN1_Init	8	static
../Core/Src/main_app.c:264:6:HAL_CAN_TxMailbox0CompleteCallback	72	static
../Core/Src/main_app.c:272:6:HAL_CAN_TxMailbox1CompleteCallback	72	static
../Core/Src/main_app.c:280:6:HAL_CAN_TxMailbox2CompleteCallback	72	static
../Core/Src/main_app.c:288:6:HAL_CAN_RxFifo0MsgPendingCallback	104	static
../Core/Src/main_app.c:307:6:HAL_CAN_ErrorCallback	72	static
../Core/Src/main_app.c:317:6:Error_handler	4	static
