20:44:08 **** Incremental Build of configuration Debug for project CAN_LoopBack_IT ****
make -j16 all 
arm-none-eabi-gcc "../Core/Src/main_app.c" -mcpu=cortex-m4 -std=gnu11 -g3 -DDEBUG -DUSE_HAL_DRIVER -DSTM32F446xx -c -I../Core/Inc -I../Drivers/STM32F4xx_HAL_Driver/Inc -I../Drivers/STM32F4xx_HAL_Driver/Inc/Legacy -I../Drivers/CMSIS/Device/ST/STM32F4xx/Include -I../Drivers/CMSIS/Include -O0 -ffunction-sections -fdata-sections -Wall -fstack-usage -fcyclomatic-complexity -MMD -MP -MF"Core/Src/main_app.d" -MT"Core/Src/main_app.o" --specs=nano.specs -mfpu=fpv4-sp-d16 -mfloat-abi=hard -mthumb -o "Core/Src/main_app.o"
arm-none-eabi-gcc -o "CAN_LoopBack_IT.elf" @"objects.list"   -mcpu=cortex-m4 -T"C:\Academics\Learnings\Learning\Embedded Systems\Fastbit Embedded Academy\MCU 2\MCU2 ST Projects\CAN_LoopBack_IT\STM32F446RETX_FLASH.ld" --specs=nosys.specs -Wl,-Map="CAN_LoopBack_IT.map" -Wl,--gc-sections -static --specs=nano.specs -mfpu=fpv4-sp-d16 -mfloat-abi=hard -mthumb -Wl,--start-group -lc -lm -Wl,--end-group
Finished building target: CAN_LoopBack_IT.elf
 
arm-none-eabi-size  CAN_LoopBack_IT.elf 
arm-none-eabi-objdump -h -S CAN_LoopBack_IT.elf  > "CAN_LoopBack_IT.list"
   text	   data	    bss	    dec	    hex	filename
  15868	     92	   2012	  17972	   4634	CAN_LoopBack_IT.elf
Finished building: default.size.stdout
 
Finished building: CAN_LoopBack_IT.list
 

20:44:09 Build Finished. 0 errors, 0 warnings. (took 930ms)

