11:38:52 **** Incremental Build of configuration Debug for project Timer_OC_PWM_1 ****
make -j16 all 
arm-none-eabi-gcc "../Core/Src/main_app.c" -mcpu=cortex-m4 -std=gnu11 -g3 -DDEBUG -DUSE_HAL_DRIVER -DSTM32F401xE -c -I../Core/Inc -I../Drivers/STM32F4xx_HAL_Driver/Inc -I../Drivers/STM32F4xx_HAL_Driver/Inc/Legacy -I../Drivers/CMSIS/Device/ST/STM32F4xx/Include -I../Drivers/CMSIS/Include -O0 -ffunction-sections -fdata-sections -Wall -fstack-usage -fcyclomatic-complexity -MMD -MP -MF"Core/Src/main_app.d" -MT"Core/Src/main_app.o" --specs=nano.specs -mfpu=fpv4-sp-d16 -mfloat-abi=hard -mthumb -o "Core/Src/main_app.o"
arm-none-eabi-gcc -o "Timer_OC_PWM_1.elf" @"objects.list"   -mcpu=cortex-m4 -T"C:\Academics\Learnings\Learning\Embedded Systems\Fastbit Embedded Academy\MCU 2\MCU2 ST Projects\Timer_OC_PWM_1\STM32F401RETX_FLASH.ld" --specs=nosys.specs -Wl,-Map="Timer_OC_PWM_1.map" -Wl,--gc-sections -static --specs=nano.specs -mfpu=fpv4-sp-d16 -mfloat-abi=hard -mthumb -Wl,--start-group -lc -lm -Wl,--end-group
Finished building target: Timer_OC_PWM_1.elf
 
arm-none-eabi-size  Timer_OC_PWM_1.elf 
arm-none-eabi-objdump -h -S Timer_OC_PWM_1.elf  > "Timer_OC_PWM_1.list"
   text	   data	    bss	    dec	    hex	filename
  10840	     12	   1716	  12568	   3118	Timer_OC_PWM_1.elf
Finished building: default.size.stdout
 
Finished building: Timer_OC_PWM_1.list
 

11:38:53 Build Finished. 0 errors, 0 warnings. (took 1s.454ms)

